// Jest Snapshot v1, https://goo.gl/fbAQLP

exports[`renders correctly 1`] = `
<div>
  <div
    class="d-flex flex-column justify-content-center align-items-center mt-2"
  >
    <div
      class="d-flex justify-content-center align-items-center"
    >
      <div>
        <span>
          0
        </span>
        :
        <span>
          0
        </span>
        :
        <span>
          0
        </span>
      </div>
    </div>
    <div>
      <p />
    </div>
  </div>
</div>
`;
