// Jest Snapshot v1, https://goo.gl/fbAQLP

exports[`renders correctly 1`] = `
<div>
  <div
    class="row custom-div text-white"
  >
    <div
      class="col col-lg-1 bg-last-image"
    />
    <div
      class="col col-lg-2 bg-black d-flex flex-column justify-content-between p-1"
    >
      <div
        class="border border-opacity-10 rounded-5 w-50 m-2 align-items-center"
      >
        <div
          class="d-flex flex-column justify-content-center align-items-center mt-2"
        >
          <div
            class="d-flex justify-content-center align-items-center"
          >
            <svg
              class="clock-vector-class mx-1"
            >
              clockVector.svg
            </svg>
            <div
              style="font-size: 100%;"
            >
              <span>
                0
              </span>
              :
              <span>
                30
              </span>
              :
              <span>
                0
              </span>
            </div>
          </div>
          <div>
            <p />
          </div>
        </div>
      </div>
      <div
        class="mt-auto"
      >
        <div
          class="d-flex flex-column align-items-center justify-content-around"
        >
          <div
            class="object-fit-lg-cover border rounded"
          >
            <video
              autoplay=""
              height="auto"
              playsinline=""
              width="100%"
            />
          </div>
          <div
            class="p-2"
          />
        </div>
      </div>
    </div>
    <div
      class="col col-lg-6 bg-black d-flex flex-column align-item-stretch p-0"
    />
    <div
      class="col col-lg-2 bg-black d-flex justify-content-center align-items-end mb-2"
    >
      <button
        class="login py-1 justify-content-center align-items-center"
      >
        <a
          class="text-decoration-none finsih-link fs-6 fw-medium"
          href="/interview/finish"
        >
          Next
        </a>
      </button>
    </div>
    <div
      class="col col-lg-1 bg-last-image"
    />
  </div>
</div>
`;
