// Jest Snapshot v1, https://goo.gl/fbAQLP

exports[`Login Component renders correctly 1`] = `
<div>
  <div
    class="d-flex flex-column justify-content-center align-items-center gap-2"
  >
    <h2
      class="text-center mt-1"
    >
      Login
    </h2>
    <form
      class="d-flex flex-column gap-2"
    >
      <p
        class="fw-medium fs-6 text-center"
      >
        Enter your Email or phone number as well as passcode
      </p>
      <div
        class=""
      >
        <input
          autocomplete="off"
          class="form-control form-control-sm details placeholder-custom"
          name="email"
          placeholder="Email ID/PhoneNumber"
          type="email"
        />
      </div>
      <div
        class="input-group input-group-sm"
      >
        <input
          class="form-control form-control-sm details placeholder-custom"
          name="password"
          placeholder="Password*"
          type="password"
        />
        <span
          class="input-group-text details placeholder-custom"
        >
          <i
            class="bi bi-eye eye"
          />
        </span>
      </div>
      <div
        class="form-text fw-bold text-start login-form-text"
      >
        Please Enter Valid Email ID or Phone Number
      </div>
      <p
        class="text-end"
      >
        <a
          class="text-decoration-none forget-pw"
          href="/forgotPassword"
        >
          Forgot Password?
        </a>
      </p>
      <button
        class="btn btn-dark rounded-4 fs-6 fw-bold login-text"
        type="submit"
      >
        Login
      </button>
      <button
        class="btn btn-dark rounded-4 fs-6 fw-bold register-text"
      >
        Register Now
      </button>
    </form>
  </div>
</div>
`;
