// Jest Snapshot v1, https://goo.gl/fbAQLP

exports[`renders correctly 1`] = `
<div>
  <div
    class="d-flex flex-column justify-content-center align-items-center"
  >
    <h2
      class="text-center mt-1"
    >
      Sign up
    </h2>
    <form
      class="d-flex flex-column gap-1"
    >
      <select
        aria-label="Default select example"
        class="form-select form-select-sm details"
      >
        <option>
          Role
        </option>
        <option
          class="role"
          value="1"
        >
          Candidate
        </option>
        <option
          class="role"
          value="2"
        >
          Organization
        </option>
      </select>
      <input
        autocomplete="off"
        class="form-control form-control-sm details placeholder-custom"
        name="text"
        placeholder="First Name*"
        required=""
        type="text"
      />
      <input
        autocomplete="off"
        class="form-control form-control-sm details placeholder-custom"
        name="text"
        placeholder="Last Name*"
        required=""
        type="text"
      />
      <input
        autocomplete="off"
        class="form-control form-control-sm details placeholder-custom"
        name="email"
        placeholder="Email ID*"
        required=""
        type="email"
      />
      <input
        autocomplete="off"
        class="form-control form-control-sm details placeholder-custom"
        name="mobilenumber"
        placeholder="Mobile Number*"
        required=""
        type="tel"
      />
      <div
        class="input-group input-group-sm"
      >
        <input
          class="form-control form-control-sm details placeholder-custom"
          name="password"
          placeholder="Password*"
          required=""
          type="password"
        />
        <span
          class="input-group-text details placeholder-custom"
        >
          <i
            class="bi bi-eye eye"
          />
        </span>
      </div>
      <div
        class="input-group input-group-sm"
      >
        <input
          class="form-control form-control-sm details placeholder-custom"
          name="password"
          placeholder="Confirm Password*"
          required=""
          type="password"
        />
        <span
          class="input-group-text details placeholder-custom"
        >
          <i
            class="bi bi-eye eye"
          />
        </span>
      </div>
      <button
        class="btn rounded-4 btn-dark fs-6 fw-bold register-btn"
        type="submit"
      >
        Register Now
      </button>
      <p
        class="form-text text-center forget-pw"
      >
        Have an Account?
         
        <a
          class="text-decoration-none resend-text"
          href="/login"
        >
           
          Login
           
        </a>
      </p>
      <p
        class="text-center privacy-text"
      >
        By signing up, you agree to our
        <a
          class="fw-bold text-decoration-none resend-text"
          href="/"
        >
           
          Terms of Use
        </a>
         
        and
         
        <a
          class="fw-bold text-decoration-none resend-text"
          href="/"
        >
          Privacy Policy
        </a>
      </p>
    </form>
  </div>
</div>
`;
